# 基于规则的优化

> https://juejin.cn/book/6844733769996304392/section/6844733770059218951

mysql 查询重写会一些性能差的查询语句转化为性能更高的语句。

## 条件化简

### 移除不必要的括号

```
((a = 5 AND b = c) OR ((a > c) AND (c < 5)))
```

equal

```
(a = 5 AND b = c) OR (a > c AND c < 5)
```

### 常量传递

```
a = 5 AND b > a
```

equal

```
a = 5 AND b > 5
```

### 等值传递（equality_propagation）

```
a = b and b = c and c = 5
```

equal

```
a = 5 and b = 5 and c = 5
```

### 移除没用的条件（trivial_condition_removal）

```
(a < 1 and b = b) OR (a = 6 OR 5 != 5)
```

 b = b 永远为 true ， 5 != 5 永远为 false

equal

```
(a < 1 and true) OR (a = 6 OR false)
```

equal

```
a < 1 OR a = 6
```

### 表达式计算

如果表达式中只包含常量，它会被计算出来

```
a = 5 + 1
```

transform

```
a = 6
```

如果某个列出现在表达式或函数中，不会转化，例如

```
ABS(a) > 5
```

```
-a < -8
```

### HAVING 子句和 WHERE 子句合并

如果查询语句没有 sum max 等聚集函数和 group by 子句，mysql 会将 HAVING 子句和 WHERE 子句合并

### 常量表检测

连表时，当某个表中只有一条数据或者用主键或唯一键等值查询时，会先把这张表的记录查出来，并将查询中涉及到这张表的条件全部替换成常量（这条记录的真实值）。

```
SELECT * FROM table1 INNER JOIN table2
    ON table1.column1 = table2.column2 
    WHERE table1.primary_key = 1;
```

equal

```
SELECT table1.column_valus,table2* FROM table1 INNER JOIN table2
    ON table1.column1的常量值 = table2.column2 
    ;
```

## 外连接消除

```
CREATE TABLE t1 (
    m1 int, 
    n1 char(1)
) Engine=InnoDB, CHARSET=utf8;

CREATE TABLE t2 (
    m2 int, 
    n2 char(1)
) Engine=InnoDB, CHARSET=utf8;
```

```
mysql> SELECT * FROM t1;
+------+------+
| m1   | n1   |
+------+------+
|    1 | a    |
|    2 | b    |
|    3 | c    |
+------+------+
3 rows in set (0.00 sec)

mysql> SELECT * FROM t2;
+------+------+
| m2   | n2   |
+------+------+
|    2 | b    |
|    3 | c    |
|    4 | d    |
+------+------+
3 rows in set (0.00 sec)
```

```
mysql> SELECT * FROM t1 INNER JOIN t2 ON t1.m1 = t2.m2;
+------+------+------+------+
| m1   | n1   | m2   | n2   |
+------+------+------+------+
|    2 | b    |    2 | b    |
|    3 | c    |    3 | c    |
+------+------+------+------+
2 rows in set (0.00 sec)

mysql> SELECT * FROM t1 LEFT JOIN t2 ON t1.m1 = t2.m2;
+------+------+------+------+
| m1   | n1   | m2   | n2   |
+------+------+------+------+
|    2 | b    |    2 | b    |
|    3 | c    |    3 | c    |
|    1 | a    | NULL | NULL |
+------+------+------+------+
3 rows in set (0.00 sec)
```

外连接的驱动表和被驱动表都是指定的，所以不能进行连接顺序优化

外连接和内连接的区别在于，外连接的驱动表的某条记录，如果在被驱动表中找不到相匹配的记录，这条记录仍然会加入到结果集中，但是对应的被驱动表的字段会被 null 填充

如果 where 中指定了，被驱动表的字段不能为 null，那么外连接等价于内连接。

例如

```
mysql> select * from t1 left join t2 on t1.n1 = t2.n2 where  t2.m2 is not null;
+------+------+------+------+
| m1   | n1   | m2   | n2   |
+------+------+------+------+
|    2 | b    |    2 | b    |
|    3 | c    |    3 | c    |
+------+------+------+------+
2 rows in set (0.00 sec)
```

或者不用显式地指定

```
mysql> select * from t1 left join t2 on t1.n1 = t2.n2 where  t2.m2 = 2;
+------+------+------+------+
| m1   | n1   | m2   | n2   |
+------+------+------+------+
|    2 | b    |    2 | b    |
+------+------+------+------+
```

外连接中，被驱动表的列在 where 中被指定为不能为 null，被称为 空值拒绝（reject empty）。

这时内连接和外连接可以相互转化，便于连接顺序优化。

## 子查询优化

### 子查询语法

一个查询语句的某个位置可以有另一个查询语句，出现在一个查询语句某个位置的查询语句被称为`子查询`。某个位置包含另一个查询语句的被称为 `外层查询`。子查询可以出现在外层查询的各种位置

- select 子句

  ```
  mysql> select (select m1 from t1 limit 1);
  +-----------------------------+
  | (select m1 from t1 limit 1) |
  +-----------------------------+
  |                           1 |
  +-----------------------------+
  1 row in set (0.00 sec)
  
  mysql> select (select m1 from t1 limit 2);
  ERROR 1242 (21000): Subquery returns more than 1 row
  ```

- from 子句

  ```
  mysql> select m,n from (select m2 + 1 as m, n2 as n from t2 where m2 > 2);
  ERROR 1248 (42000): Every derived table must have its own alias
  mysql> select m,n from (select m2 + 1 as m, n2 as n from t2 where m2 > 2) as t;
  +------+------+
  | m    | n    |
  +------+------+
  |    4 | c    |
  |    5 | d    |
  +------+------+
  2 rows in set (0.00 sec)
  ```

  from 子句的子查询本质上相当于一个表，子查询的结果集组成的表被称为派生表

- where 或 on 子句

  ```
  mysql> select * from t1 where m1 in (select m2 from t2);
  +------+------+
  | m1   | n1   |
  +------+------+
  |    2 | b    |
  |    3 | c    |
  +------+------+
  ```

- order by 子句

  没有实际意义

- group by 子句

  没有实际意义

#### 按结果集区分子查询

- 标量子查询

  返回单一值

  ```
  mysql> select (select m1 from t1 limit 1);
  +-----------------------------+
  | (select m1 from t1 limit 1) |
  +-----------------------------+
  |                           1 |
  +-----------------------------+
  ```

  ```
  mysql> select * from t1 where m1 = (select min(m2) from t2);
  +------+------+
  | m1   | n1   |
  +------+------+
  |    2 | b    |
  +------+------+
  ```

- 行子查询

  返回一条记录，但这一行包含多个列

  ```
  mysql> select * from t1 where (m1,n1) = (select m2,n2 from t2 limit 1);
  +------+------+
  | m1   | n1   |
  +------+------+
  |    2 | b    |
  +------+------+
  ```

- 列子查询

  查询出一个列的数据，但是要包含多条记录

  ```
  mysql> select * from t1 where m1 in (select m2 from t2);
  +------+------+
  | m1   | n1   |
  +------+------+
  |    2 | b    |
  |    3 | c    |
  +------+------+
  
  ```

- 表子查询

  子查询结果包含多条记录，又包含多个列

  ```
  mysql> select * from t1 where (m1,n1) in (select m2,n2 from t2 );
  +------+------+
  | m1   | n1   |
  +------+------+
  |    2 | b    |
  |    3 | c    |
  +------+------+
  ```

#### 按与外层查询的关系来区分子查询

- 不相关子查询

  子查询可以单独运行出结果，而不依赖外层查询。上面的都是

- 相关子查询

  子查询的执行依赖外层查询

  ```
  mysql> select * from t1 where (m1,n1) in (select m2,n2 from t2  where n1 = n2);
  +------+------+
  | m1   | n1   |
  +------+------+
  |    2 | b    |
  |    3 | c    |
  +------+------+
  ```

#### 子查询在布尔表达式的使用

- 使用 = > !=  作为布尔表达式的操作符

  ```
  operand comparison_operator （subquery）
  ```

  这里的子查询只能是标量子查询或行子查询，查询结果只能是一条记录或一个单一的值

  ```
  SELECT * FROM t1 WHERE m1 < (SELECT MIN(m2) FROM t2);
  ```

  ```
  SELECT * FROM t1 WHERE （m1,n1) = (SELECT m2,n2 FROM t2);
  ```

- in / any /some /all  subquery

  - in

    ```
    operand in （subquery）
    ```

    ```
    SELECT * FROM t1 WHERE (m1, n1) IN (SELECT m2, n2 FROM t2);
    ```

  - any / some

    ```
    operand comparison_oprator any / some (subquery)
    ```

    子查询结果中，只要有一个值符合这个表达式，那么结果就为 true

    ```
    mysql> select * from t1 where m1 > any(select m2 from t2);
    +------+------+
    | m1   | n1   |
    +------+------+
    |    3 | c    |
    +------+------+
    ```

    equal to

    ```
    mysql> select * from t1 where m1 > (select min(m2) from t2);
    +------+------+
    | m1   | n1   |
    +------+------+
    |    3 | c    |
    +------+------+
    ```

  - all

    子查询结果中，所有值都符合这个表达式，结果才为 true

    ```
    mysql> select * from t1 where m1 > all(select m2 from t2);
    Empty set (0.00 sec)
    ```

    equal to

    ```
    mysql> select * from t1 where m1 > (select max(m2) from t2);
    Empty set (0.00 sec)
    ```

- exists 子查询

  有时候只要判断子查询中是否有符合条件的记录，而不在乎具体的值。

  ```
  exists (subquery);
  ```

  example

  ```
  SELECT * FROM t1 WHERE EXISTS (SELECT 1 FROM t2);
  ```

  只要子查询中有记录结果就为真

  ```
  mysql> select * from t1 where exists(select 1 from t2 where m2 = m1);
  +------+------+
  | m1   | n1   |
  +------+------+
  |    2 | b    |
  |    3 | c    |
  +------+------+
  ```

  先执行外层查询，然后再执行子查询，执行子查询时可以将外层查询的结果作为一个常数值放到子查询的 where 中。

#### 子查询语法注意事项

- 子查询用小括号扩起来

- select 子句的子查询必须是标量子查询

  ```
  mysql> select  (select m1 from t1);
  ERROR 1242 (21000): Subquery returns more than 1 row
  
  mysql> select  (select m1,n1 from t1 limit 1);
  ERROR 1241 (21000): Operand should contain 1 column(s)
  
  mysql> select  (select m1 from t1 limit 1);
  +-----------------------------+
  | (select m1 from t1 limit 1) |
  +-----------------------------+
  |                           1 |
  +-----------------------------+
  1 row in set (0.00 sec)
  ```

- 标量子查询或 行子查询可以用 limit 1 来限制

- in/ any/ all 子查询，不允许 limit 语句

  ```
  mysql>  select * from t1 where m1 > all(select m2 from t2 limit 1);
  ERROR 1235 (42000): This version of MySQL doesn't yet support 'LIMIT & IN/ALL/ANY/SOME subquery'
  ```

- 不允许在增删记录时做子查询

  ```
  mysql>  DELETE FROM t1 WHERE m1 < (SELECT MAX(m1) FROM t1);
  ERROR 1093 (HY000): You can't specify target table 't1' for update in FROM clause
  ```

### 子查询在 MySQL 中是怎么执行的

```
CREATE TABLE single_table (
    id INT NOT NULL AUTO_INCREMENT,
    key1 VARCHAR(100),
    key2 INT,
    key3 VARCHAR(100),
    key_part1 VARCHAR(100),
    key_part2 VARCHAR(100),
    key_part3 VARCHAR(100),
    common_field VARCHAR(100),
    PRIMARY KEY (id),
    KEY idx_key1 (key1),
    UNIQUE KEY idx_key2 (key2),
    KEY idx_key3 (key3),
    KEY idx_key_part(key_part1, key_part2, key_part3)
) Engine=InnoDB CHARSET=utf8;
```

用这个表 复制 s1 s2，插入 10000 条随机数据

#### 小白眼中子查询的执行方式

- 不相关子查询

  ```
  mysql> select * from s1 where key1 in (select common_field from s2);
  ```

  一种直观的猜测是

  - 先执行 (select common_field from s2) subquery
  - 再执行  select * from s1 where key1 in (.....);

- 相关子查询

  ```
  mysql> select * from s1 where key1 in (select common_field from s2 where s1.key2 = s2.key2);
  ```

  一种直观的猜测是

  - 从 s1 获取一条数据
  - 从这条记录中获取  s1.key2 作为常数，执行子查询
  - 如果符合外层查询 where 条件，则加入到结果集
  - 重复上述步骤

实际上有一系列办法来优化子查询

#### 标量子查询、行子查询的执行方式

不相关标量子查询

```
SELECT * FROM s1 
    WHERE key1 = (SELECT common_field FROM s2 WHERE key3 = 'a' LIMIT 1);
```

- 先执行  (SELECT common_field FROM s2 WHERE key3 = 'a' LIMIT 1)
- 将执行结果作为外层查询的参数  执行 SELECT * FROM s1 
      WHERE key1 = ...

相关标量子查询

```
SELECT * FROM s1 WHERE 
    key1 = (SELECT common_field FROM s2 WHERE s1.key3 = s2.key3 LIMIT 1);
```

- 外层查询中获取一条记录 （s1 表）
- 从这条记录找到 s1.key3 的值，执行子查询
- 判断是否符合外层查询的 where 子句
- 重复上述步骤

#### IN 查询的优化

##### 物化表的提出

对于不相关的 IN 子查询

```
SELECT * FROM s1 
    WHERE key1 IN (SELECT common_field FROM s2 WHERE key3 = 'a');
```

如果把子查询和外层查询作为两个单独的表查询，在子查询的结果集较大时，会有性能问题

于是将子查询的结果集放到临时表中

- 临时表的列就是子查询结果集的列
- 写入临时表的数据会被去重
- 在结果集没有特别大时，使用基于内存的 Memory 存储引擎，并建立哈希索引

这个过程称为 物化（Materialize）

##### 物化表连接

```
SELECT * FROM s1 
    WHERE key1 IN (SELECT common_field FROM s2 WHERE key3 = 'a');
```

假设物化表为 materialized_table，子查询结果集的列为 m_val

那么这个查询就可以转化为内连接

```
SELECT * FROM s1  inner join materialized_table on s1.key1 = materialized_table.m_val
```

然后可以做连接顺序优化，算出以哪个表作为驱动表成本更低。

##### 将子查询转换为 semi-join

不转化为物化表，而是直接转换为连接

```
SELECT * FROM s1 
    WHERE key1 IN (SELECT common_field FROM s2 WHERE key3 = 'a');
```

transform

```
SELECT * FROM s1 inner join s2 
on s1.key1 = s2.common_field 
where s2.key3 = 'a';
```

在 s2 表执行完 where s2.key3 = 'a' 的结果集中，如果对于 s1 表中的某条记录，s2 表中有多条记录满足 

s1.key1 = s2.common_field ，那么那么这条记录会重复加入到结果集中。

这导致了这个转化与原语句并不完全等同

所以使用 半连接（semi-join），将 s1 和 s2 做半连接的意思是，只要对于 s1 在 s2 上有相匹配的记录，不管有多少条匹配的记录，也只加入到结果集一次。最终结果集只保留 s1 表的记录

```
SELECT * FROM s1 semi join s2 
on s1.key1 = s2.common_field 
where s2.key3 = 'a';
```

> semi join 不提供给用户使用

实现 semi join

- table pullout（子查询的表上拉）

  当子查询的查询列表只有唯一索引和主键时，可以直接把子查询的表上拉到外层查询的 from 子句中

  ```
  SELECT * FROM s1 
      WHERE key2 IN (SELECT key2 FROM s2 WHERE key3 = 'a');
  ```

  transform

  ```
  SELECT s1.* FROM s1 INNER JOIN s2 
      ON s1.key2 = s2.key2 
      WHERE s2.key3 = 'a';
  ```

  因为  s2.key2 是唯一键，所以也不存在 s1 表会重复匹配 s2 表的情况

- DuplicateWeed execution strategy （重复值消除）

  ```
  SELECT * FROM s1 
      WHERE key1 IN (SELECT common_field FROM s2 WHERE key3 = 'a');
  ```

  建立一个临时表

  ```
  create table tmp(
  	id primary key
  );
  ```

  s1 表每次匹配到一条记录时，将这条记录的 s1.id 加入到 tmp 中，如果假如失败，说明是重复匹配，就不放入到最终结果集了

- LooseScan execution startegy（松散扫描）

  ```
  SELECT * FROM s1 
      WHERE key3 IN (SELECT key1 FROM s2 WHERE key1 > 'a' AND key1 < 'b');
  ```

  对于 s2 的查询可以用到 key1，查询结果也只有 key1 列

  这样转化为半连接后，以 s2 为驱动表查询出来的结果集就是以 key1 顺序排列的。

  对于重复的 s2.key1 值只取第一个和 s1 表进行匹配

- Semi-join Materialization execution strategy

  先建立物化表，再连表

- First Match execution strategy

  先取一天外层查询的记录，如果在子查询中符合条件，就加入到最终结果集

```
SELECT * FROM s1 
    WHERE key1 IN (SELECT common_field FROM s2 WHERE s1.key3 = s2.key3);
```

transform

```
SELECT * FROM s1 semi join s2 
	on s1.key1 = s2.common_field and s1.key3 = s2.key3
```

相关子查询不是一个独立的查询，所以不能转化为 物化表

##### semi-join 的适用条件

这种的才能用 semi-join 

```
SELECT ... FROM outer_tables 
    WHERE expr IN (SELECT ... FROM inner_tables ...) AND ...
```

```
SELECT ... FROM outer_tables 
    WHERE (oe1, oe2, ...) IN (SELECT ie1, ie2, ... FROM inner_tables ...) AND ...
```

- 子查询和外层查出用 in 连接，并且出现在 where 或 on 子句
- 外层查询的其他条件必须和子查询的 in 条件用 and 连接
- 子查询是单一的查询不能是 union 连接起来的形式

##### 不适用 semi-join 的情况

- 使用 or 连接

  ```
  SELECT * FROM s1 
      WHERE key1 IN (SELECT common_field FROM s2 WHERE key3 = 'a')
          OR key2 > 100;
  ```

- 使用 not in

  ```
  SELECT * FROM s1 
      WHERE key1 NOT IN (SELECT common_field FROM s2 WHERE key3 = 'a')
  ```

- select 子句

  ```
  SELECT key1 IN (SELECT common_field FROM s2 WHERE key3 = 'a') FROM s1 ;
  ```

- 子查询包含 聚集函数

  ```
  SELECT * FROM s1 
      WHERE key2 IN (SELECT COUNT(*) FROM s2 GROUP BY key1);
  ```

- 子查询包含 union

  ```
  SELECT * FROM s1 WHERE key1 IN (
      SELECT common_field FROM s2 WHERE key3 = 'a' 
      UNION
      SELECT common_field FROM s2 WHERE key3 = 'b'
  );
  ```

  

对不能转化为 semi-join 子查询的优化

- 对于不相关子查询，先转为物化表

  ```
  SELECT * FROM s1 
      WHERE key1 NOT IN (SELECT common_field FROM s2 WHERE key3 = 'a')
  ```

  将子查询的结果转化为物化表后，再判断 key1 是否在物化表中

- in 转为 exists

  ```
  outer_expr IN (SELECT inner_expr FROM ... WHERE subquery_where)
  ```

  transform

  ```
  EXISTS (SELECT inner_expr FROM ... WHERE subquery_where AND outer_expr=inner_expr)
  ```

  当 outer_expr 或 inner_expr 为 null 时比较特殊。

  null 作为 操作数的结构往往都是 null

  ```
  mysql> select null in (1,2);
  +---------------+
  | null in (1,2) |
  +---------------+
  |          NULL |
  +---------------+
  1 row in set (0.00 sec)
  
  mysql> select 3 in (1,2);
  +------------+
  | 3 in (1,2) |
  +------------+
  |          0 |
  +------------+
  1 row in set (0.00 sec)
  
  mysql> select 1 in (1,2);
  +------------+
  | 1 in (1,2) |
  +------------+
  |          1 |
  +------------+
  1 row in set (0.00 sec)
  
  mysql> select null in (null);
  +----------------+
  | null in (null) |
  +----------------+
  |           NULL |
  +----------------+
  1 row in set (0.00 sec)
  ```

  而 exists 的结果是 true 或 false

  ```
  mysql> select exists (select 1 from s1 where null = 1);
  +------------------------------------------+
  | exists (select 1 from s1 where null = 1) |
  +------------------------------------------+
  |                                        0 |
  +------------------------------------------+
  1 row in set (0.00 sec)
  
  mysql> select exists (select 1 from s1 where 1 = null);
  +------------------------------------------+
  | exists (select 1 from s1 where 1 = null) |
  +------------------------------------------+
  |                                        0 |
  +------------------------------------------+
  1 row in set (0.00 sec)
  
  mysql> select exists (select 1 from s1 where null = null);
  +---------------------------------------------+
  | exists (select 1 from s1 where null = null) |
  +---------------------------------------------+
  |                                           0 |
  +---------------------------------------------+
  1 row in set (0.00 sec)
  ```

  不过在 where 或 on 子句中，是不分 false 和 null 的

  ```
  mysql> select 1 from s1 where null;
  Empty set (0.00 sec)
  
  mysql> select 1 from s1 where false;
  Empty set (0.00 sec)
  ```

  原本不能用 索引 的 in 查询

  ```
  SELECT * FROM s1
      WHERE key1 IN (SELECT key3 FROM s2 where s1.common_field = s2.common_field) 
          OR key2 > 1000;
  ```

  转化为 exists 之后可以用索引

  ```
  SELECT * FROM s1
      WHERE exists(SELECT key3 FROM s2 
      where s1.common_field = s2.common_field and s2.key3 = s1.key1) 
          OR key2 > 1000;
  ```

  这样在子查询中就可以用到 s2.key3 的索引了

##### 小结

- in 子查询优先考虑 semi-join
- 不能 semi-join 的，从下述找出成本最低的
  - 物化表
  - transform in to exists

#### ANY / ALL 子查询优化

不相关子查询可以进行转换

| original expr                  | transform to                     |
| ------------------------------ | -------------------------------- |
| < ANY (SELECT inner_expr ...)  | <  (SELECT MAX(inner_expr )...)  |
| > ANY (SELECT inner_expr ...)  | >  (SELECT MIN(inner_expr )...)  |
| < ALL (SELECT inner_expr ...)  | <  (SELECT MIN(inner_expr) ...)  |
| \> ALL (SELECT inner_expr ...) | \>  (SELECT MAX(inner_expr) ...) |

#### [not] exists 子查询的优化

对于不相关 exists 子查询，

```
SELECT * FROM s1 
    WHERE EXISTS (SELECT 1 FROM s2 WHERE key1 = 'a') 
        OR key2 > 100;
```

```
SELECT * FROM s1 
    WHERE true
        OR key2 > 100;
```

```
SELECT * FROM s1 
    WHERE true
```

#### 对于派生表的优化

```
SELECT * FROM  (
        SELECT id AS d_id,  key3 AS d_key3 FROM s2 WHERE key1 = 'a'
    ) AS derived_s1 WHERE d_key3 = 'a';
```

derived_s1 就是一个派生表

- 派生表物化

  将派生表的结果写到一个内部临时表中

- 派生表和外层查询合并

  ```
  SELECT * FROM (SELECT * FROM s1 WHERE key1 = 'a') AS derived_s1;
  ```

  equal to

  ```
  SELECT * FROM s1 WHERE key1 = 'a'
  ```

  more complex query

  ```
  SELECT * FROM (
          SELECT * FROM s1 WHERE key1 = 'a'
      ) AS derived_s1 INNER JOIN s2
      ON derived_s1.key1 = s2.key1
      WHERE s2.key2 = 1;
  ```

  equal to

  ```
  SELECT * FROM s1 INNER JOIN s2
      ON s1.key1 = s2.key1
      WHERE s2.key2 = 1 and s1.key1 = 'a';
  ```

  这样就不用付出创建和访问派生表的成本

  派生表有以下情况不能合并

  - 聚集函数
  - distinct 
  - group by
  - having
  - limit
  - union
  - 派生表的 select 子句有另一个子查询